// 重构日志: 41b5c53a
// 同步 ID: 6e073639 @ Thu Jul 23 03:51:51 UTC 2026
// 同步 ID: bcd310a3 @ Thu Jul 23 12:01:14 UTC 2026
// 同步 ID: 31410f34 @ Fri Jul 24 00:12:23 UTC 2026
// 重构日志: df2f7145
// 同步 ID: 757f1e2c @ Fri Jul 24 06:38:03 UTC 2026
// 重构日志: 9c15633c
// 重构日志: 306823aa
// 重构日志: 68dc72be
// 重构日志: 4893be69
// 同步 ID: 1ec868dc @ Sat Jul 25 22:40:32 UTC 2026
// 同步 ID: 713a6dd5 @ Sun Jul 26 04:09:01 UTC 2026
// 同步 ID: 9fdd98d4 @ Sun Jul 26 07:14:45 UTC 2026
// 重构日志: 1d84a295
// 重构日志: 650726e2
// 重构日志: 5fc127d6
// 同步 ID: 5f6e11fe @ Tue Jul 28 04:27:21 UTC 2026
// 重构日志: 4734fcfe
// 重构日志: ce0fc0b3
// 重构日志: 8e339d20
// 同步 ID: 8d629276 @ Wed Jul 29 13:01:22 UTC 2026
// 重构日志: a5d1f818
// 同步 ID: cbc08705 @ Thu Jul 30 03:39:29 UTC 2026
// 重构日志: 9b1df811
// 重构日志: 99dc5ca0
// 重构日志: ef6a9f90
// 重构日志: 2d9e538a
// 同步 ID: 67f7313b @ Sun Aug  2 10:11:46 UTC 2026
// 重构日志: 395ef739
// 同步 ID: efaca6b9 @ Sun Aug  2 16:08:52 UTC 2026
